---
source: src/ty/tests.rs
expression: "check!(r#\"\n        type T;\n    \"#)"
---
Hir {
    defs: Defs {
        next_id: DefId(
            5,
        ),
        id_map: {
            "T": DefId(
                4,
            ),
            "bool": DefId(
                2,
            ),
            "int": DefId(
                0,
            ),
            "num": DefId(
                1,
            ),
            "str": DefId(
                3,
            ),
        },
        array: [
            TypeDef {
                id: DefId(
                    0,
                ),
                name: Ident("int"),
                fields: Extern,
            },
            TypeDef {
                id: DefId(
                    1,
                ),
                name: Ident("num"),
                fields: Extern,
            },
            TypeDef {
                id: DefId(
                    2,
                ),
                name: Ident("bool"),
                fields: Extern,
            },
            TypeDef {
                id: DefId(
                    3,
                ),
                name: Ident("str"),
                fields: Extern,
            },
            TypeDef {
                id: DefId(
                    4,
                ),
                name: Ident("T"),
                fields: Named(
                    {},
                ),
            },
        ],
    },
    fns: Fns {
        next_id: FnId(
            1,
        ),
        id_map: {
            "T": FnId(
                0,
            ),
        },
        array: [
            Fn {
                name: Ident("T"),
                kind: Cons,
                sig: FnSig {
                    params: [],
                    ret: Def(
                        DefId(
                            4,
                        ),
                    ),
                    ret_span: None,
                },
                body: Extern,
            },
        ],
    },
    top_level: Block {
        body: [],
        tail: None,
    },
}
