---
source: src/vm/tests.rs
expression: "run!(r#\"\n        let v = 0;\n    \"#)"
---
## Module

function "main" {
  registers: 2 (0 params)
  literals: []
  bytecode: (3 ops) [
    smi 0, r1  // let v = 0;
    unit r0    // 
    ret        //   
  ]
}


## Output

Unit(())

## Events

smi 0, r1                [_, _] -> [_, 0i]
unit r0                  [_, 0i] -> [_, 0i]
ret                      [_, 0i]

