---
source: src/vm/tests.rs
expression: "run!(r#\"\n        let v = 1;\n        -v\n    \"#)"
---
## Module

function "main" {
  registers: 2 (0 params)
  literals: []
  bytecode: (3 ops) [
    smi 1, r1       // let v = 1;
    mns.i64 r1, r0  // -v
    ret             //   
  ]
}


## Output

I64(-1)

## Events

smi 1, r1                [_, _] -> [_, 1i]
mns.i64 r1, r0           [_, 1i] -> [-1i, 1i]
ret                      [-1i, 1i]

