---
source: src/code/tests.rs
expression: "emit!\n(r#\"\n        fn f(v: int) -> int {\n            v\n        }\n\n        let g = f;\n        g(10);\n    \"#)"
---
fn main
  registers: 4
  literals: []
  bytecode:
    load_fn dst=1 id=1
    mov dst=2 src=1
    load_i16 dst=3 value=10
    call_reg callee=2
    load_unit dst=0
    ret
fn f
  registers: 2
  literals: []
  bytecode:
    mov dst=0 src=1
    ret
