---
source: src/code/tests.rs
expression: "emit! (r#\"\n        -1;\n        -1.0;\n        !true;\n        !false;\n    \"#)"
---
fn main
  registers: 2
  literals: [F64(1.0)]
  bytecode:
    load_i16 dst=1 value=1
    neg_i64 dst=1 rhs=1
    load_literal dst=1 src=0
    neg_f64 dst=1 rhs=1
    load_true dst=1
    not_bool dst=1 rhs=1
    load_false dst=1
    not_bool dst=1 rhs=1
    load_unit dst=0
    ret
