---
source: src/code/tests.rs
expression: "emit!\n(r#\"\n        let v = 0;\n        let v = 1.0;\n        let v = true;\n        let v = false;\n        // TODO: fix strings\n        // let v = \"test\";\n        // let v = \"\\nyo\\n\";\n    \"#)"
---
fn main
  registers: 2
  literals: [F64(1.0)]
  bytecode:
    load_i16 dst=1 value=0
    load_literal dst=1 src=0
    load_true dst=1
    load_false dst=1
    load_unit dst=0
    ret
