---
source: src/code/tests.rs
expression: "emit!(r#\"\n        let a = 1;\n        let b = 2;\n\n        a == b;\n        a != b;\n        a < b;\n        a > b;\n        a <= b;\n        a >= b;\n    \"#)"
---
function "main" {
  registers: 5 (0 params)
  literals: []
  bytecode: (10 ops) [
    smi 1, r1           // let a = 1;
    smi 2, r2           // let b = 2;
    ceq.i64 r1, r2, r3  // a == b;
    cne.i64 r1, r2, r3  // a != b;
    clt.i64 r1, r2, r3  // a < b;
    cgt.i64 r1, r2, r3  // a > b;
    cle.i64 r1, r2, r3  // a <= b;
    cge.i64 r1, r2, r3  // a >= b;
    unit r0             // 
    ret                 //   
  ]
}


