---
source: src/code/tests.rs
expression: "emit!(r#\"\n        fn f(v: int) -> int {\n            v\n        }\n\n        f(10);\n    \"#)"
---
function "main" {
  registers: 2 (0 params)
  constants: []
  bytecode: (4 ops) [
    smi 10, r1   // f(10);
    call f0, r0  // 
    ret          // 
    stop         //   
  ]
}

function "f" #0 {
  registers: 2 (1 params)
  constants: []
  bytecode: (2 ops) [
    retv r1  // 
    stop     //   
  ]
}


