---
source: src/code/tests.rs
expression: "emit!\n(r#\"\n        let v: int = 1;\n        v += 1;\n        v -= 1;\n        v /= 1;\n        v *= 1;\n        v %= 1;\n    \"#)"
---
fn main
  registers: 3
  literals: []
  bytecode:
    load_i16 dst=1 value=1
    load_i16 dst=2 value=1
    add_i64 dst=1 lhs=1 rhs=2
    load_i16 dst=2 value=1
    sub_i64 dst=1 lhs=1 rhs=2
    load_i16 dst=2 value=1
    div_i64 dst=1 lhs=1 rhs=2
    load_i16 dst=2 value=1
    mul_i64 dst=1 lhs=1 rhs=2
    load_i16 dst=2 value=1
    rem_i64 dst=1 lhs=1 rhs=2
    load_unit dst=0
    ret
