---
source: src/code/tests.rs
expression: "emit!(r#\"\n        let v = 0;\n        let v = 1.0;\n        let v = true;\n        let v = false;\n        let v = \"test\";\n        let v = \"\\nyo\\n\";\n    \"#)"
---
function "main" {
  registers: 1 (0 params)
  constants: [
    Num(1.0)
    Str("test")
    Str("\nyo\n")
  ]
  bytecode: (8 ops) [
    smi 0, r0       // let v = 0;
    cst [0], r0     // let v = 1.0;
    bool true, r0   // let v = true;
    bool false, r0  // let v = false;
    cst [1], r0     // let v = "test";
    cst [2], r0     // let v = "\nyo\n";
    ret             // 
    stop            //   
  ]
}


