---
source: src/code/tests.rs
expression: "emit!\n(r#\"\n        fn fib(n: int) -> int {\n            if n < 2 { n } else { fib(n - 1) + fib(n - 2) }\n        }\n\n        fib(15)\n    \"#)"
---
fn main
  registers: 2
  literals: []
  bytecode:
    load_i16 dst=1 value=15
    call ret=0 callee=1
    ret
fn fib
  registers: 5
  literals: []
  bytecode:
    load_i16 dst=2 value=2
    cmp_lt_i64 dst=0 lhs=1 rhs=2
    jump_if_false condition=0 offset=3
    mov dst=0 src=1
    jump offset=9
    load_i16 dst=4 value=1
    sub_i64 dst=3 lhs=1 rhs=4
    call ret=2 callee=1
    mov dst=0 src=2
    load_i16 dst=4 value=2
    sub_i64 dst=3 lhs=1 rhs=4
    call ret=2 callee=1
    add_i64 dst=0 lhs=0 rhs=2
    ret
