---
source: src/code/tests.rs
expression: "emit!(r#\"\n        loop {\n            let v = 0;\n            break;\n            let v = 1;\n        }\n    \"#)"
---
function "main" {
  registers: 2 (0 params)
  literals: []
  bytecode: (7 ops) [
    smi 0, r1  // let v = 0;
    jmp +3     // break;
    smi 1, r1  // let v = 1;
    jmp -3     // }
    unit r0    // 
    ret        // 
    stop       //   
  ]
}


