---
source: src/code/tests.rs
expression: "emit!(r#\"\n        fn f(v: int) -> int {\n            v + 1\n        }\n\n        fn g() -> int {\n            2\n        }\n    \"#)"
---
function "main" {
  registers: 0 (0 params)
  constants: []
  bytecode: (2 bytes) [
    ret    // 
    stop   //   
  ]
}

function "f" #0 {
  registers: 3 (1 params)
  constants: []
  bytecode: (10 bytes) [
    load_smi 1, r2      // v + 1
    add_int r1, r2, r0  // 
    retv r0             // 
    stop                //   
  ]
}

function "g" #1 {
  registers: 1 (0 params)
  constants: []
  bytecode: (6 bytes) [
    load_smi 2, r0  // 2
    retv r0         // 
    stop            //   
  ]
}


