---
source: src/code/tests.rs
expression: "emit!(r#\"\n        let a = 0;\n        let b = a;\n    \"#)"
---
function "main" {
  registers: 2 (0 params)
  constants: []
  bytecode: (8 bytes) [
    load_smi 0, r0  // let a = 0;
    mov r0, r1      // let b = a;
    ret             // 
    stop            //   
  ]
}


