---
source: src/syn/tests.rs
expression: "parse!(r#\"\n    name = 1;\n    name += 1;\n    name -= 1;\n    name /= 1;\n    name *= 1;\n    name %= 1;\n    name **= 1;\n    name ??= 1;\n  \"#)"
---
Ast {
    decls: [],
    top_level: Block {
        body: [
            AssignVar {
                name: Ident("name"),
                op: None,
                value: Int(
                    1,
                ),
            },
            AssignVar {
                name: Ident("name"),
                op: Some(
                    Op(+),
                ),
                value: Int(
                    1,
                ),
            },
            AssignVar {
                name: Ident("name"),
                op: Some(
                    Op(-),
                ),
                value: Int(
                    1,
                ),
            },
            AssignVar {
                name: Ident("name"),
                op: Some(
                    Op(/),
                ),
                value: Int(
                    1,
                ),
            },
            AssignVar {
                name: Ident("name"),
                op: Some(
                    Op(*),
                ),
                value: Int(
                    1,
                ),
            },
            AssignVar {
                name: Ident("name"),
                op: Some(
                    Op(%),
                ),
                value: Int(
                    1,
                ),
            },
            AssignVar {
                name: Ident("name"),
                op: Some(
                    Op(**),
                ),
                value: Int(
                    1,
                ),
            },
            AssignVar {
                name: Ident("name"),
                op: Some(
                    Op(??),
                ),
                value: Int(
                    1,
                ),
            },
        ],
        tail: None,
    },
}
