---
source: src/syn/tests.rs
expression: "parse!(r#\"\n    name = 1;\n    name += 1;\n    name -= 1;\n    name /= 1;\n    name *= 1;\n    name %= 1;\n    name **= 1;\n    name ??= 1;\n  \"#)"
---
Ast {
    decls: [],
    top_level: Block {
        body: [
            Expr(
                Assign(
                    Var(Ident("name")),
                    None,
                    Literal(
                        Int(1),
                    ),
                ),
            ),
            Expr(
                Assign(
                    Var(Ident("name")),
                    Some(
                        Op(+),
                    ),
                    Literal(
                        Int(1),
                    ),
                ),
            ),
            Expr(
                Assign(
                    Var(Ident("name")),
                    Some(
                        Op(-),
                    ),
                    Literal(
                        Int(1),
                    ),
                ),
            ),
            Expr(
                Assign(
                    Var(Ident("name")),
                    Some(
                        Op(/),
                    ),
                    Literal(
                        Int(1),
                    ),
                ),
            ),
            Expr(
                Assign(
                    Var(Ident("name")),
                    Some(
                        Op(*),
                    ),
                    Literal(
                        Int(1),
                    ),
                ),
            ),
            Expr(
                Assign(
                    Var(Ident("name")),
                    Some(
                        Op(%),
                    ),
                    Literal(
                        Int(1),
                    ),
                ),
            ),
            Expr(
                Assign(
                    Var(Ident("name")),
                    Some(
                        Op(**),
                    ),
                    Literal(
                        Int(1),
                    ),
                ),
            ),
            Expr(
                Assign(
                    Var(Ident("name")),
                    Some(
                        Op(??),
                    ),
                    Literal(
                        Int(1),
                    ),
                ),
            ),
        ],
        tail: None,
    },
}
