---
source: src/syn/tests.rs
expression: "parse!(r#\"\n    v.a = 1;\n    v[a] = 2;\n    v(a).a = 3;\n    v(a)[a] = 4;\n  \"#)"
---
Ast {
    decls: [],
    top_level: Block {
        body: [
            Expr(
                AssignField(
                    UseVar(
                        Ident("v"),
                    ),
                    Ident("a"),
                    None,
                    Literal(
                        Int(1),
                    ),
                ),
            ),
            Expr(
                AssignIndex(
                    UseVar(
                        Ident("v"),
                    ),
                    UseVar(
                        Ident("a"),
                    ),
                    None,
                    Literal(
                        Int(2),
                    ),
                ),
            ),
            Expr(
                AssignField(
                    Call(
                        UseVar(
                            Ident("v"),
                        ),
                        [
                            Arg(
                                UseVar(
                                    Ident("a"),
                                ),
                            ),
                        ],
                    ),
                    Ident("a"),
                    None,
                    Literal(
                        Int(3),
                    ),
                ),
            ),
            Expr(
                AssignIndex(
                    Call(
                        UseVar(
                            Ident("v"),
                        ),
                        [
                            Arg(
                                UseVar(
                                    Ident("a"),
                                ),
                            ),
                        ],
                    ),
                    UseVar(
                        Ident("a"),
                    ),
                    None,
                    Literal(
                        Int(4),
                    ),
                ),
            ),
        ],
        tail: None,
    },
}
