---
source: src/syn/tests.rs
expression: "parse!(r#\"\n    let v = 0;\n    let v: int = 0;\n  \"#)"
---
Ast {
    decls: [],
    top_level: Block {
        body: [
            Let {
                name: Ident("v"),
                ty: None,
                init: Int(
                    0,
                ),
            },
            Let {
                name: Ident("v"),
                ty: Some(
                    Named(
                        Named {
                            name: Ident("int"),
                        },
                    ),
                ),
                init: Int(
                    0,
                ),
            },
        ],
        tail: None,
    },
}
