---
source: src/syn/tests.rs
expression: "parse!(r#\"\n    fn f() {}\n  \"#)"
---
SyntaxTree {
    top_level: Block {
        body: [
            Fn(
                Ident("f"),
                [],
                None,
                Block {
                    body: [],
                    tail: None,
                },
            ),
        ],
        tail: None,
    },
}
