---
source: src/syn/tests.rs
expression: "parse!(r#\"\n    let v = do {};\n    let v = do {1};\n    let v = do {1;};\n    let v = do {do {}};\n    let v = do {do {1}};\n    let v = do {do {1;}};\n  \"#)"
---
Ast {
    decls: [],
    top_level: Block {
        body: [
            Let {
                name: Ident("v"),
                ty: None,
                init: Block {
                    body: [],
                    tail: None,
                },
            },
            Let {
                name: Ident("v"),
                ty: None,
                init: Block {
                    body: [],
                    tail: Some(
                        Int(
                            1,
                        ),
                    ),
                },
            },
            Let {
                name: Ident("v"),
                ty: None,
                init: Block {
                    body: [
                        Int(
                            1,
                        ),
                    ],
                    tail: None,
                },
            },
            Let {
                name: Ident("v"),
                ty: None,
                init: Block {
                    body: [],
                    tail: Some(
                        Block {
                            body: [],
                            tail: None,
                        },
                    ),
                },
            },
            Let {
                name: Ident("v"),
                ty: None,
                init: Block {
                    body: [],
                    tail: Some(
                        Block {
                            body: [],
                            tail: Some(
                                Int(
                                    1,
                                ),
                            ),
                        },
                    ),
                },
            },
            Let {
                name: Ident("v"),
                ty: None,
                init: Block {
                    body: [],
                    tail: Some(
                        Block {
                            body: [
                                Int(
                                    1,
                                ),
                            ],
                            tail: None,
                        },
                    ),
                },
            },
        ],
        tail: None,
    },
}
