---
source: src/syn/tests.rs
expression: "parse!(r#\"\n    fn f() {}\n    fn f(a: A) {}\n    fn f(a: A, b: B, c: C) {}\n    fn f() -> R {}\n    fn f(a: A) -> R {}\n    fn f(a: A, b: B, c: C) -> R {}\n  \"#)"
---
Ast {
    decls: [
        Fn(
            Ident("f"),
            [],
            None,
            Block {
                body: [],
                tail: None,
            },
        ),
        Fn(
            Ident("f"),
            [
                Param(
                    Ident("a"),
                    Named(
                        Ident("A"),
                    ),
                ),
            ],
            None,
            Block {
                body: [],
                tail: None,
            },
        ),
        Fn(
            Ident("f"),
            [
                Param(
                    Ident("a"),
                    Named(
                        Ident("A"),
                    ),
                ),
                Param(
                    Ident("b"),
                    Named(
                        Ident("B"),
                    ),
                ),
                Param(
                    Ident("c"),
                    Named(
                        Ident("C"),
                    ),
                ),
            ],
            None,
            Block {
                body: [],
                tail: None,
            },
        ),
        Fn(
            Ident("f"),
            [],
            Some(
                Named(
                    Ident("R"),
                ),
            ),
            Block {
                body: [],
                tail: None,
            },
        ),
        Fn(
            Ident("f"),
            [
                Param(
                    Ident("a"),
                    Named(
                        Ident("A"),
                    ),
                ),
            ],
            Some(
                Named(
                    Ident("R"),
                ),
            ),
            Block {
                body: [],
                tail: None,
            },
        ),
        Fn(
            Ident("f"),
            [
                Param(
                    Ident("a"),
                    Named(
                        Ident("A"),
                    ),
                ),
                Param(
                    Ident("b"),
                    Named(
                        Ident("B"),
                    ),
                ),
                Param(
                    Ident("c"),
                    Named(
                        Ident("C"),
                    ),
                ),
            ],
            Some(
                Named(
                    Ident("R"),
                ),
            ),
            Block {
                body: [],
                tail: None,
            },
        ),
    ],
    top_level: Block {
        body: [],
        tail: None,
    },
}
