---
source: src/syn/tests.rs
expression: "parse!(r#\"\n    return value;\n    return;\n    break;\n    continue;\n\n    let v = return value;\n    let v = return;\n    let v = break;\n    let v = continue;\n  \"#)"
---
Ast {
    decls: [],
    top_level: Block {
        body: [
            Return {
                value: Some(
                    UseVar {
                        name: Ident("value"),
                    },
                ),
            },
            Return {
                value: None,
            },
            Break,
            Continue,
            Let {
                name: Ident("v"),
                ty: None,
                init: Return {
                    value: Some(
                        UseVar {
                            name: Ident("value"),
                        },
                    ),
                },
            },
            Let {
                name: Ident("v"),
                ty: None,
                init: Return {
                    value: None,
                },
            },
            Let {
                name: Ident("v"),
                ty: None,
                init: Break,
            },
            Let {
                name: Ident("v"),
                ty: None,
                init: Continue,
            },
        ],
        tail: None,
    },
}
