---
source: src/syn/tests.rs
expression: "parse!(r#\"\n    f();\n    f(0);\n    f(0,);\n    f(0, 1, 2);\n    f(0, 1, 2,);\n    f(a: 0);\n    f(a: 0,);\n    f(a: 0, b: 1, c: 2);\n    f(a: 0, b: 1, c: 2,);\n  \"#)"
---
SyntaxTree {
    top_level: Block {
        body: [
            Expr(
                Call(
                    Use(
                        Var(Ident("f")),
                    ),
                    [],
                ),
            ),
            Expr(
                Call(
                    Use(
                        Var(Ident("f")),
                    ),
                    [
                        Arg(
                            Literal(
                                Int(0),
                            ),
                        ),
                    ],
                ),
            ),
            Expr(
                Call(
                    Use(
                        Var(Ident("f")),
                    ),
                    [
                        Arg(
                            Literal(
                                Int(0),
                            ),
                        ),
                    ],
                ),
            ),
            Expr(
                Call(
                    Use(
                        Var(Ident("f")),
                    ),
                    [
                        Arg(
                            Literal(
                                Int(0),
                            ),
                        ),
                        Arg(
                            Literal(
                                Int(1),
                            ),
                        ),
                        Arg(
                            Literal(
                                Int(2),
                            ),
                        ),
                    ],
                ),
            ),
            Expr(
                Call(
                    Use(
                        Var(Ident("f")),
                    ),
                    [
                        Arg(
                            Literal(
                                Int(0),
                            ),
                        ),
                        Arg(
                            Literal(
                                Int(1),
                            ),
                        ),
                        Arg(
                            Literal(
                                Int(2),
                            ),
                        ),
                    ],
                ),
            ),
            Expr(
                Call(
                    Use(
                        Var(Ident("f")),
                    ),
                    [
                        Arg(
                            Ident("a"),
                            Literal(
                                Int(0),
                            ),
                        ),
                    ],
                ),
            ),
            Expr(
                Call(
                    Use(
                        Var(Ident("f")),
                    ),
                    [
                        Arg(
                            Ident("a"),
                            Literal(
                                Int(0),
                            ),
                        ),
                    ],
                ),
            ),
            Expr(
                Call(
                    Use(
                        Var(Ident("f")),
                    ),
                    [
                        Arg(
                            Ident("a"),
                            Literal(
                                Int(0),
                            ),
                        ),
                        Arg(
                            Ident("b"),
                            Literal(
                                Int(1),
                            ),
                        ),
                        Arg(
                            Ident("c"),
                            Literal(
                                Int(2),
                            ),
                        ),
                    ],
                ),
            ),
            Expr(
                Call(
                    Use(
                        Var(Ident("f")),
                    ),
                    [
                        Arg(
                            Ident("a"),
                            Literal(
                                Int(0),
                            ),
                        ),
                        Arg(
                            Ident("b"),
                            Literal(
                                Int(1),
                            ),
                        ),
                        Arg(
                            Ident("c"),
                            Literal(
                                Int(2),
                            ),
                        ),
                    ],
                ),
            ),
        ],
        tail: None,
    },
}
