---
source: src/syn/tests.rs
expression: "parse!(r#\"\n    v.a[a](a);\n    v(a)[a].a;\n    v.a();\n  \"#)"
---
Ast {
    decls: [],
    top_level: Block {
        body: [
            Expr(
                Call(
                    UseIndex(
                        UseField(
                            UseVar(
                                Ident("v"),
                            ),
                            Ident("a"),
                        ),
                        UseVar(
                            Ident("a"),
                        ),
                    ),
                    [
                        Arg(
                            UseVar(
                                Ident("a"),
                            ),
                        ),
                    ],
                ),
            ),
            Expr(
                UseField(
                    UseIndex(
                        Call(
                            UseVar(
                                Ident("v"),
                            ),
                            [
                                Arg(
                                    UseVar(
                                        Ident("a"),
                                    ),
                                ),
                            ],
                        ),
                        UseVar(
                            Ident("a"),
                        ),
                    ),
                    Ident("a"),
                ),
            ),
            Expr(
                MethodCall(
                    UseVar(
                        Ident("v"),
                    ),
                    Ident("a"),
                    [],
                ),
            ),
        ],
        tail: None,
    },
}
