---
source: src/syn/tests.rs
expression: "parse!(r#\"\n    let opt: int? = 1;\n  \"#)"
---
Ast {
    decls: [],
    top_level: Block {
        body: [
            Let(
                Ident("opt"),
                Some(
                    Opt(
                        Named(
                            Ident("int"),
                        ),
                    ),
                ),
                Literal(
                    Int(1),
                ),
            ),
        ],
        tail: None,
    },
}
