---
source: src/syn/tests.rs
expression: "parse!(r#\"\n    let opt: int? = 1;\n  \"#)"
---
Ast {
    decls: [],
    top_level: Block {
        body: [
            Let {
                name: Ident("opt"),
                ty: Some(
                    Opt(
                        Opt {
                            inner: Named(
                                Named {
                                    name: Ident("int"),
                                },
                            ),
                        },
                    ),
                ),
                init: Int(
                    1,
                ),
            },
        ],
        tail: None,
    },
}
