---
source: src/syn/tests.rs
expression: "parse!(r#\"\n    let v: int = 1;\n    let v: num = 1.0;\n    let v: bool = true;\n    let v: str = \"yo\";\n    let v: [int] = [1, 2, 3];\n    let v: [int] = [0; 10];\n    let v: [_] = [0; 10];\n  \"#)"
---
Ast {
    decls: [],
    top_level: Block {
        body: [
            Let(
                Ident("v"),
                Some(
                    Named(
                        Ident("int"),
                    ),
                ),
                Literal(
                    Int(1),
                ),
            ),
            Let(
                Ident("v"),
                Some(
                    Named(
                        Ident("num"),
                    ),
                ),
                Literal(
                    Float(1.0),
                ),
            ),
            Let(
                Ident("v"),
                Some(
                    Named(
                        Ident("bool"),
                    ),
                ),
                Literal(
                    Bool(true),
                ),
            ),
            Let(
                Ident("v"),
                Some(
                    Named(
                        Ident("str"),
                    ),
                ),
                Literal(
                    String("\"yo\""),
                ),
            ),
            Let(
                Ident("v"),
                Some(
                    Array(
                        Named(
                            Ident("int"),
                        ),
                    ),
                ),
                Literal(
                    Array(
                        [
                            Literal(
                                Int(1),
                            ),
                            Literal(
                                Int(2),
                            ),
                            Literal(
                                Int(3),
                            ),
                        ],
                    ),
                ),
            ),
            Let(
                Ident("v"),
                Some(
                    Array(
                        Named(
                            Ident("int"),
                        ),
                    ),
                ),
                Literal(
                    Array {
                        item: Literal(
                            Int(0),
                        ),
                        len: Literal(
                            Int(10),
                        ),
                    },
                ),
            ),
            Let(
                Ident("v"),
                Some(
                    Array(
                        Empty,
                    ),
                ),
                Literal(
                    Array {
                        item: Literal(
                            Int(0),
                        ),
                        len: Literal(
                            Int(10),
                        ),
                    },
                ),
            ),
        ],
        tail: None,
    },
}
