---
source: src/syn/tests.rs
expression: "parse!(r#\"\n    v.a = 1;\n    v[a] = 2;\n    v(a).a = 3;\n    v(a)[a] = 4;\n  \"#)"
---
Ast {
    decls: [],
    top_level: Block {
        body: [
            AssignField {
                parent: UseVar {
                    name: Ident("v"),
                },
                name: Ident("a"),
                op: None,
                value: Int(
                    1,
                ),
            },
            AssignIndex {
                parent: UseVar {
                    name: Ident("v"),
                },
                key: UseVar {
                    name: Ident("a"),
                },
                op: None,
                value: Int(
                    2,
                ),
            },
            AssignField {
                parent: Call {
                    callee: UseVar {
                        name: Ident("v"),
                    },
                    args: [
                        Arg(
                            UseVar {
                                name: Ident("a"),
                            },
                        ),
                    ],
                },
                name: Ident("a"),
                op: None,
                value: Int(
                    3,
                ),
            },
            AssignIndex {
                parent: Call {
                    callee: UseVar {
                        name: Ident("v"),
                    },
                    args: [
                        Arg(
                            UseVar {
                                name: Ident("a"),
                            },
                        ),
                    ],
                },
                key: UseVar {
                    name: Ident("a"),
                },
                op: None,
                value: Int(
                    4,
                ),
            },
        ],
        tail: None,
    },
}
